
Fall2015@AIS110CL7-022 MINGW64 ~
$ gitbash
bash: gitbash: command not found

Fall2015@AIS110CL7-022 MINGW64 ~
$ gitclone
bash: gitclone: command not found

Fall2015@AIS110CL7-022 MINGW64 ~
$ git/clone
bash: git/clone: No such file or directory

Fall2015@AIS110CL7-022 MINGW64 ~
$ git clone
You must specify a repository to clone.

usage: git clone [<options>] [--] <repo> [<dir>]

    -v, --verbose         be more verbose
    -q, --quiet           be more quiet
    --progress            force progress reporting
    -n, --no-checkout     don't create a checkout
    --bare                create a bare repository
    --mirror              create a mirror repository (implies bare)
    -l, --local           to clone from a local repository
    --no-hardlinks        don't use local hardlinks, always copy
    -s, --shared          setup as shared repository
    --recursive           initialize submodules in the clone
    --recurse-submodules  initialize submodules in the clone
    -j, --jobs <n>        number of submodules cloned in parallel
    --template <template-directory>
                          directory from which templates will be used
    --reference <repo>    reference repository
    --reference-if-able <repo>
                          reference repository
    --dissociate          use --reference only while cloning
    -o, --origin <name>   use <name> instead of 'origin' to track upstream
    -b, --branch <branch>
                          checkout <branch> instead of the remote's HEAD
    -u, --upload-pack <path>
                          path to git-upload-pack on the remote
    --depth <depth>       create a shallow clone of that depth
    --shallow-since <time>
                          create a shallow clone since a specific time
    --shallow-exclude <revision>
                          deepen history of shallow clone by excluding rev
    --single-branch       clone only one branch, HEAD or --branch
    --shallow-submodules  any cloned submodules will be shallow
    --separate-git-dir <gitdir>
                          separate git dir from working tree
    -c, --config <key=value>
                          set config inside the new repository
    -4, --ipv4            use IPv4 addresses only
    -6, --ipv6            use IPv6 addresses only


Fall2015@AIS110CL7-022 MINGW64 ~
$ git clone https://github.com/ahadali96/firstapp.git
Cloning into 'firstapp'...
remote: Counting objects: 3, done.
remote: Total 3 (delta 0), reused 0 (delta 0), pack-reused 0
Unpacking objects: 100% (3/3), done.

Fall2015@AIS110CL7-022 MINGW64 ~
$ git clone https://github.com/ahadali96/firstapp.git\
>
Cloning into 'firstapp'...
remote: Counting objects: 3, done.
remote: Total 3 (delta 0), reused 0 (delta 0), pack-reused 0
Unpacking objects: 100% (3/3), done.

Fall2015@AIS110CL7-022 MINGW64 ~
$ cd firstapp

Fall2015@AIS110CL7-022 MINGW64 ~/firstapp (master)
$ ls
README.md

Fall2015@AIS110CL7-022 MINGW64 ~/firstapp (master)
$ mkdir site

Fall2015@AIS110CL7-022 MINGW64 ~/firstapp (master)
$ ls
README.md  site/

Fall2015@AIS110CL7-022 MINGW64 ~/firstapp (master)
$ touch index.html

Fall2015@AIS110CL7-022 MINGW64 ~/firstapp (master)
$ git status
On branch master
Your branch is up-to-date with 'origin/master'.
Untracked files:
  (use "git add <file>..." to include in what will be committed)

        index.html

nothing added to commit but untracked files present (use "git add" to track)

Fall2015@AIS110CL7-022 MINGW64 ~/firstapp (master)
$ git add index.html

Fall2015@AIS110CL7-022 MINGW64 ~/firstapp (master)
$ git commit -m "added index.html"
[master bec144d] added index.html
 Committer: Temp User <Fall2015@bahria.edu.pk>
Your name and email address were configured automatically based
on your username and hostname. Please check that they are accurate.
You can suppress this message by setting them explicitly. Run the
following command and follow the instructions in your editor to edit
your configuration file:

    git config --global --edit

After doing this, you may fix the identity used for this commit with:

    git commit --amend --reset-author

 1 file changed, 10 insertions(+)
 create mode 100644 index.html

Fall2015@AIS110CL7-022 MINGW64 ~/firstapp (master)
$ git push
Counting objects: 3, done.
Delta compression using up to 4 threads.
Compressing objects: 100% (3/3), done.
Writing objects: 100% (3/3), 433 bytes | 0 bytes/s, done.
Total 3 (delta 0), reused 0 (delta 0)
To https://github.com/ahadali96/firstapp.git
   ff6c428..bec144d  master -> master

Fall2015@AIS110CL7-022 MINGW64 ~/firstapp (master)
$